C:\Users\asritha\AppData\Local\Programs\Python\Python310\pratice1.py
C:\Users\asritha\AppData\Local\Programs\Python\Python310\matexa.py
C:\Users\asritha\AppData\Local\Programs\Python\Python310\addingusing _func.py
C:\Users\asritha\AppData\Local\Programs\Python\Python310\addingusing func.py
C:\Users\asritha\AppData\Local\Programs\Python\Python310\jugsndcups.py
C:\Users\asritha\OneDrive\Pictures\ss.py
C:\Users\asritha\AppData\Local\Programs\Python\Python310\task4.py
C:\Users\asritha\AppData\Local\Programs\Python\Python310\task1.py
C:\Users\asritha\AppData\Local\Programs\Python\Python310\task8.py
C:\Users\asritha\AppData\Local\Programs\Python\Python310\pattern.py
C:\Users\asritha\AppData\Local\Programs\Python\Python310\pattern2.py
C:\Users\asritha\AppData\Local\Programs\Python\Python310\fact.py
C:\Users\asritha\AppData\Local\Programs\Python\Python310\test.py
C:\Users\asritha\AppData\Local\Programs\Python\Python310\mainmodule.py
C:\Users\asritha\AppData\Local\Programs\Python\Python310\tempconversion(celtofar).py
C:\Users\asritha\AppData\Local\Programs\Python\Python310\evenno.py
C:\Users\asritha\AppData\Local\Programs\Python\Python310\table.py
C:\Users\asritha\AppData\Local\Programs\Python\Python310\randommodule.py
C:\Users\asritha\AppData\Local\Programs\Python\Python310\nooffactors.py
C:\Users\asritha\AppData\Local\Programs\Python\Python310\checkingleapyr.py
C:\Users\asritha\AppData\Local\Programs\Python\Python310\netsedloops.py
